---
source: src/worker/claude.rs
expression: "build_continuation_prompt(&issue(), None, std::slice::from_ref(&fb), &[],\nfalse)"
---
Continue working on MT-1. Your previous session on this issue ended before the work was finished — either you asked for another turn, or the orchestrator's per-session turn budget stopped you. The working directory is the same worktree, with whatever you committed still in it.

Keep a checkpoint at the path `git rev-parse --git-path crew/checkpoint.md` prints in this worktree. If it already exists, read it before anything else and do not repeat what it covers. Update it after each commit with the acceptance criteria and the status of each, the last commit that passed the commit-gate commands, and the next action. Git does not track that path, so the file cannot be committed.

The same rules apply: commit as you go, and when the work is fully complete, simply stop. If you need another turn, end your final message with a line reading exactly:
CREW_OUTCOME: continue: <one-sentence reason>

If you are stuck and need a human to unblock you, end with:
CREW_OUTCOME: blocked: <one-sentence reason>

The pull request for this work (https://github.com/o/r/pull/9) has review comments that need a verdict each. For every comment below, either fix what it raises and commit, or decide it should not change and say why. Do not merely acknowledge one. Then end your final message with one line per comment, exactly:
CREW_REVIEW: <comment-id>: accepted: <commit sha that resolved it>
CREW_REVIEW: <comment-id>: rejected: <one-sentence reason>

[4059939692] inline comment at src/config.rs:79 by Copilot
Missing `#[serde(default)]`.

[review-77] review summary by alice
Split the migration out.

[conversation-88] conversation comment by bob
Please rename the guard.
